BD
C
BEGIN_EINRICHTEPLAN_INFO
C
ZA,MM,2
MM,AT,1,60,1,1,,,,,T
MM,AT,1,170,1,1,,,,,T
C
ZA,DA,1
DA,TRUMPF_PRG001,1
C
ENDE_EINRICHTEPLAN_INFO
C
C
BEGIN_PROGRAMM
C
ZA,MM,5
MM,AT,1, 10,1,1,,,,,T
MM,AT,1, 20,1,1,,,,,Z
MM,AT,1, 30,1,1,,,,,T
MM,AT,1, 40,1,1,,,,,Z
MM,AT,1, 50,1,1,,,,,T
C
ZA,DA,1
DA,'TRUMPF_PRG001','HP',,,'LST'
START_TEXT
N1 ;;;==================================================================
N2 ;;;=================      PROGRAMMINFORMATIONEN       ===============
N3 ;;;==================================================================
N4 ;PROGRAM NAME      : TRUMPF_PRG001
N5 ;MACHINE TOOL      : TRUMPF_TLC8030
N6 ;DATE              : Thu May 28 08:43:45 2026
N7 ;USER              : Berauer

N8 ;FASTSUITE VERSION : 2026.1.0.55202
N9 ;PP                : TRUMPF_8030.pp

N10 ;GOTOF ENTRY_LASER
N11 TRAFOOF
N12 G500
N13 TRAORI(1)
N14 ETAN BTAN

N15 ;Start of OperationGroup: <Home_Pos>

N16 ;Start of Operation: <AUX>

N17 G54  ;B0
N18 G01 X = 591.886 Y = 778.506 Z = 330.367 C = 0.0 B = 0.0 F180000

N19 ;Start of OperationGroup: <Inner>

N20 ;Start of Operation: <OP001>

N21 G01 X = 1186.287 Y = 744.355 Z = 311.552 C = -0.44 B = -6.06 F180000
N22 X = 1190.511 Y = 744.323 Z = 271.776
N23 TC_LASER_ON(1, "T3D-7034", 10, 200)
N24 G01 X = 1192.5 Z = 271.987
N25 Y = 790.348 Z = 271.949 B = -6.0
N26 CIP X = 1191.092 Y = 806.282 Z = 271.789 C = -0.42 B = -5.99 I1 = 1192.293 J1 = 798.364 K1 = 271.921
N27 CIP X = 1188.273 Y = 813.76 Z = 271.488 C = -0.39 B = -5.98 I1 = 1189.925 J1 = 810.114 K1 = 271.664
N28 CIP X = 1185.958 Y = 817.012 Z = 271.244 C = -0.36 B = -5.97 I1 = 1187.218 J1 = 815.46 K1 = 271.377
N29 CIP X = 1182.531 Y = 818.848 Z = 270.884 C = -0.32 I1 = 1184.416 J1 = 818.274 K1 = 271.082
N30 G01 X = 1178.5 Z = 270.463 C = -0.27
N31 CIP X = 1176.5 Y = 816.848 Z = 270.254 C = -0.25 I1 = 1177.088 J1 = 818.265 K1 = 270.315
N32 G01 Y = 814.747 Z = 270.255
N33 CIP X = 1173.381 Y = 813.089 Z = 269.93 C = -0.21 B = -5.98 I1 = 1175.435 J1 = 812.981 K1 = 270.145
N34 G01 X = 1172.006 Y = 814.017 Z = 269.785 C = -0.2
N35 CIP X = 1170.521 Y = 815.867 Z = 269.629 C = -0.18 B = -5.97 I1 = 1171.124 J1 = 814.829 K1 = 269.693
N36 G01 X = 1169.846 Y = 817.581 Z = 269.558 C = -0.17
N37 CIP X = 1167.985 Y = 818.848 Z = 269.363 C = -0.15 I1 = 1169.109 J1 = 818.502 K1 = 269.481
N38 G01 X = 1160.685 Z = 268.651 C = -0.12 B = -3.33
N39 CIP X = 1157.786 Y = 816.622 Z = 268.57 C = 1.65 B = 0.13 I1 = 1158.858 J1 = 818.228 K1 = 268.579
N40 CIP X = 1154.313 Y = 813.052 Z = 268.704 C = 0.0 B = 4.28 I1 = 1156.509 J1 = 814.394 K1 = 268.592
N41 G01 X = 1154.019 Y = 812.925 Z = 268.726
N42 CIP X = 1151.391 Y = 813.969 Z = 268.922 I1 = 1152.49 J1 = 812.902 K1 = 268.84
N43 G01 X = 1149.805 Y = 817.641 Z = 269.041
N44 CIP X = 1147.969 Y = 818.848 Z = 269.178 I1 = 1149.067 J1 = 818.52 K1 = 269.096
N45 CIP X = 1144.537 Y = 817.007 Z = 269.435 I1 = 1146.08 J1 = 818.272 K1 = 269.32
N46 CIP X = 1138.976 Y = 804.318 Z = 269.851 I1 = 1140.935 J1 = 811.041 K1 = 269.704
N47 CIP X = 1138 Y = 790.348 Z = 269.924 I1 = 1138.141 J1 = 797.36 K1 = 269.913
N48 G01 Y = 705.348
N49 CIP X = 1139.406 Y = 689.421 Z = 269.819 I1 = 1138.206 J1 = 697.336 K1 = 269.908
N50 CIP X = 1142.223 Y = 681.943 Z = 269.608 I1 = 1140.572 J1 = 685.589 K1 = 269.732
N51 CIP X = 1144.537 Y = 678.689 Z = 269.435 I1 = 1143.277 J1 = 680.242 K1 = 269.529
N52 CIP X = 1147.969 Y = 676.848 Z = 269.178 I1 = 1146.08 J1 = 677.424 K1 = 269.32
N53 CIP X = 1149.805 Y = 678.055 Z = 269.041 I1 = 1149.067 J1 = 677.176 K1 = 269.096
N54 G01 X = 1151.391 Y = 681.728 Z = 268.922
N55 CIP X = 1154.019 Y = 682.771 Z = 268.726 I1 = 1152.49 J1 = 682.794 K1 = 268.84
N56 CIP X = 1157.784 Y = 679.075 Z = 268.579 B = 0.0 I1 = 1156.395 J1 = 681.414 K1 = 268.601
N57 CIP X = 1160.685 Y = 676.848 Z = 268.668 C = -0.12 B = -3.49 I1 = 1158.858 J1 = 677.469 K1 = 268.592
N58 G01 X = 1167.985 Z = 269.403 C = -0.15 B = -6.15
N59 CIP X = 1169.846 Y = 678.115 Z = 269.603 C = -0.17 B = -6.14 I1 = 1169.109 J1 = 677.194 K1 = 269.524
N60 G01 X = 1170.521 Y = 679.829 Z = 269.675 C = -0.18
N61 CIP X = 1172.006 Y = 681.679 Z = 269.834 C = -0.2 I1 = 1171.124 J1 = 680.867 K1 = 269.739
N62 G01 X = 1173.381 Y = 682.607 Z = 269.982 C = -0.22
N63 CIP X = 1176.5 Y = 680.949 Z = 270.318 C = -0.25 I1 = 1175.435 J1 = 682.716 K1 = 270.202
N64 G01 Y = 678.848 Z = 270.319
N65 CIP X = 1178.5 Y = 676.848 Z = 270.535 C = -0.28 B = -6.15 I1 = 1177.088 J1 = 677.431 K1 = 270.383
N66 G01 X = 1182.531 Z = 270.969 C = -0.33
N67 CIP X = 1185.957 Y = 678.684 Z = 271.337 C = -0.37 B = -6.14 I1 = 1184.416 J1 = 677.422 K1 = 271.172
N68 CIP X = 1191.522 Y = 691.371 Z = 271.926 C = -0.43 B = -6.13 I1 = 1189.561 J1 = 684.647 K1 = 271.72
N69 CIP X = 1192.5 Y = 705.348 Z = 272.019 C = -0.44 B = -6.11 I1 = 1192.358 J1 = 698.333 K1 = 272.009
N70 G01 Y = 744.323 Z = 271.987 B = -6.06
N71 TC_LASER_OFF(1)
N72 G01 X = 1188.276 Y = 744.356 Z = 311.763 F180000

N73 ;Start of Operation: <OP002>

N74 X = 1310.346 Y = 760.929 Z = 324.344 C = -1.46 B = -4.92
N75 X = 1313.774 Y = 760.841 Z = 284.492
N76 TC_LASER_ON(1, "T3D-7034", 10, 200)
N77 G01 Y = 762.841 Z = 284.487
N78 X = 1289.944 Y = 762.839 Z = 282.261 C = -1.57 B = -5.77
N79 CIP X = 1282.324 Y = 761.487 Z = 281.477 C = -1.5 B = -6.05 I1 = 1286.075 J1 = 762.497 K1 = 281.867
N80 CIP X = 1281.23 Y = 719.618 B = -6.09 I1 = 1267.594 J1 = 740.923 K1 = 279.969
N81 G01 X = 1281.231 B = -6.1
N82 CIP X = 1289.93 Y = 717.839 Z = 282.384 C = -1.58 B = -5.75 I1 = 1285.491 J1 = 718.289 K1 = 281.93
N83 CIP X = 1354.588 Y = 717.851 Z = 287.46 C = 0.87 B = -3.26 I1 = 1322.231 J1 = 717.843 K1 = 285.272
N84 CIP X = 1354.601 Y = 762.85 Z = 287.496 C = 0.67 B = -3.52 I1 = 1377.004 J1 = 740.353 K1 = 288.65
N85 CIP X = 1313.774 Y = 762.841 Z = 284.487 C = -1.46 B = -4.92 I1 = 1334.178 J1 = 762.845 K1 = 286.116
N86 TC_LASER_OFF(1)
N87 G01 X = 1310.346 Y = 762.929 Z = 324.34 F180000

N88 ;Start of Operation: <OP003> CIRCLE: D=8

N89 X = 1878.931 Y = 773.444 Z = 253.383 C = -5.33 B = 15.56
N90 X = 1873.589 Y = 773.942 Z = 234.116
N91 R1=1869.14 R2=772.266 R3=221.812 R4=15.561 R5=-5.328 R6=1869.166 R7=776.265 R8=221.908 R11=3 R26=30 R28=0
N92 TC_CIRC2(8, 1, 1, 1, 10, 200, "T3D-7034")

N93 ;Start of Operation: <OP004> CIRCLE: D=23.001

N94 G01 X = 1977.416 Y = 745.202 Z = 228.344 C = -3.23 B = 20.16 F180000
N95 X = 1970.534 Y = 745.591 Z = 209.57
N96 R1=1967.004 R2=755.349 R3=197.217 R4=20.159 R5=-3.234 R6=1967 R7=743.851 R8=196.981 R11=3 R26=30 R28=0
N97 TC_CIRC2(23.001, 1, 1, 1, 10, 200, "T3D-7034")

N98 ;Start of Operation: <OP005> CIRCLE: D=12

N99 G01 X = 2046.184 Y = 738.721 Z = 200.896 C = -2.74 B = 23.48 F180000
N100 X = 2038.225 Y = 739.102 Z = 182.552
N101 R1=2033.999 R2=743.348 R3=170.3 R4=23.479 R5=-2.736 R6=2033.954 R7=737.349 R8=170.195 R11=3 R26=30 R28=0
N102 TC_CIRC2(12, 1, 1, 1, 10, 200, "T3D-7034")

N103 ;Start of Operation: <OP006> SLOT: 14 x 12

N104 G01 X = 2121.966 Y = 723.604 Z = 163.34 C = -2.62 B = 20.41 F180000
N105 X = 2114.998 Y = 723.924 Z = 144.595
N106 R1=2111.406 R2=728.137 R3=132.131 R4=20.411 R5=-2.624 R6=2117.968 R7=728.178 R8=129.693 R11=3 R26=30 R28=0
N107 TC_OBLONG2(14, 12, 6, 1, 1, 1, 10, 200, "T3D-7034")

N108 ;Start of OperationGroup: <Outer>

N109 ;Start of Operation: <OP001>

N110 G01 X = 1746.847 Y = 858.293 Z = 312.759 C = -1.57 B = 1.81
N111 X = 1652.654 Y = 861.921 Z = 244.569 F180000
N112 X = 1651.392 Y = 861.955 Z = 204.589
N113 TC_LASER_ON(1, "T3D-7034", 10, 200)
N114 G01 X = 1651.315 Y = 859.957 Z = 204.59
N115 X = 1668.494 Y = 859.281 Z = 204.044 C = -1.58 B = 1.83
N116 CIP X = 1739.406 Y = 854.755 Z = 201.319 C = -1.51 B = 3.13 I1 = 1703.996 J1 = 857.606 K1 = 202.868
N117 CIP X = 1809.404 Y = 844.312 Z = 194.694 C = -2.31 B = 8.01 I1 = 1774.58 J1 = 850.225 K1 = 198.773
N118 CIP X = 1927.887 Y = 821.882 Z = 167.753 C = -2.17 B = 17.26 I1 = 1869.218 J1 = 833.207 K1 = 183.654
N119 CIP X = 2041.226 Y = 799.619 Z = 123.733 C = -2.16 B = 24.81 I1 = 1985.248 J1 = 810.605 K1 = 147.599
N120 CIP X = 2063.553 Y = 796.135 Z = 113.141 C = -1.74 B = 19.82 I1 = 2052.378 J1 = 797.616 K1 = 118.497
N121 CIP X = 2096.138 Y = 797.723 Z = 96.829 C = -1.13 B = 12.52 I1 = 2079.96 J1 = 795.525 K1 = 105.059
N122 CIP X = 2127.563 Y = 818.128 Z = 80.116 C = -0.43 B = 4.19 I1 = 2113.373 J1 = 805.038 K1 = 87.777
N123 CIP X = 2137.242 Y = 835.747 Z = 74.812 C = -0.08 B = 0.0 I1 = 2132.996 J1 = 826.512 K1 = 77.142
N124 CIP X = 2142.514 Y = 855.689 Z = 71.939 C = 0.27 B = -4.14 I1 = 2140.364 J1 = 845.548 K1 = 73.101
N125 CIP X = 2144.577 Y = 876.615 Z = 70.884 C = 0.63 B = -8.35 I1 = 2143.868 J1 = 866.11 K1 = 71.228
N126 CIP X = 2144.226 Y = 917.435 Z = 71.262 C = 1.31 B = -16.5 I1 = 2144.721 J1 = 897.027 K1 = 70.906
N127 CIP X = 2148.384 Y = 922.593 Z = 68.799 C = 1.44 B = -18.06 I1 = 2145.389 J1 = 921.014 K1 = 70.578
N128 G01 X = 2155.817 Y = 922.88 Z = 64.376 C = 1.59 B = -19.79
N129 CIP X = 2159.233 Y = 922.996 Z = 63.281 C = 1.65 B = -20.51 I1 = 2157.463 J1 = 922.94 K1 = 63.634
N130 G01 X = 2160.159 Y = 923.023 Z = 63.202 C = 1.67 B = -20.7
N131 CIP X = 2169.732 Y = 923.195 Z = 68.262 C = 1.86 B = -22.98 I1 = 2165.688 J1 = 923.156 K1 = 64.325
N132 G01 X = 2186.982 Y = 923.111 Z = 98.912 C = 2.45 B = -30.0
N133 CIP X = 2198.277 Y = 923.373 Z = 101.72 C = -0.15 B = 32.75 I1 = 2192.025 J1 = 923.18 K1 = 102.754
N134 CIP X = 2207.487 Y = 923.75 Z = 95.079 C = 0.27 B = 39.0 I1 = 2202.972 J1 = 923.561 K1 = 98.524
N135 CIP X = 2210.45 Y = 923.946 Z = 88.859 C = 2.14 B = 90.0 I1 = 2209.672 J1 = 923.861 K1 = 92.305
N136 G01 X = 2210.428 Y = 924.517 Z = 57.778 C = 2.15
N137 CIP X = 2210.607 Y = 919.689 Z = 52.764 C = 2.09 I1 = 2210.481 J1 = 923.118 K1 = 54.293
N138 CIP X = 2211.528 Y = 589.247 Z = 42.435 C = -1.6 I1 = 2213.726 J1 = 754.478 K1 = 47.557
N139 CIP X = 2211.381 Y = 584.096 Z = 47.429 C = -1.65 I1 = 2211.425 J1 = 585.616 K1 = 43.842
N140 G01 X = 2211.38 Y = 584.069 Z = 82.5
N141 CIP X = 2208.832 Y = 584.199 Z = 88.359 C = -2.48 B = 42.93 I1 = 2210.715 J1 = 584.102 K1 = 85.695
N142 CIP X = 2197.026 Y = 584.807 Z = 97.76 C = -2.6 B = 25.91 I1 = 2203.104 J1 = 584.494 K1 = 93.279
N143 CIP X = 2185.574 Y = 585.406 Z = 95.115 C = -2.71 B = 11.03 I1 = 2190.721 J1 = 585.135 K1 = 98.951
N144 G01 X = 2185.123 Y = 585.431 Z = 94.322 C = -2.72 B = 10.0
N145 CIP X = 2181.503 Y = 585.622 Z = 91.376 C = -4.12 I1 = 2183.585 J1 = 585.512 K1 = 92.516
N146 CIP X = 2174.303 Y = 583.823 Z = 92.018 C = -6.4 I1 = 2177.717 J1 = 585.258 K1 = 90.989
N147 CIP X = 2169.29 Y = 581.09 Z = 98.164 C = -8.96 I1 = 2171.228 J1 = 581.944 K1 = 94.422
N148 CIP X = 2165.106 Y = 581.246 Z = 103.741 C = -6.86 B = 4.54 I1 = 2167.775 J1 = 581.098 K1 = 101.388
N149 G01 X = 2155.316 Y = 581.657 Z = 109.252 C = -3.56 B = -4.02
N150 CIP X = 2151.161 Y = 586.836 Z = 111.675 C = -1.25 B = -10.0 I1 = 2152.291 J1 = 583.251 K1 = 110.966
N151 G01 X = 2151.821 Y = 603.176 Z = 111.689 C = -0.72
N152 CIP X = 2152.577 Y = 610.664 Z = 109.762 C = -0.46 I1 = 2152.219 J1 = 607.017 K1 = 111.127
N153 G01 X = 2152.38 Y = 612.948 Z = 108.67 C = -0.38
N154 CIP X = 2143.394 Y = 652.297 Z = 89.464 C = 1.08 I1 = 2148.085 J1 = 632.619 K1 = 98.967
N155 CIP X = 2139.714 Y = 667.059 Z = 84.173 C = 1.6 I1 = 2141.603 J1 = 659.53 K1 = 86.361
N156 CIP X = 2135.393 Y = 671.114 Z = 84.801 C = 1.81 I1 = 2138.14 J1 = 669.773 K1 = 84.092
N157 G01 X = 2129.489 Y = 671.919 Z = 86.687 C = 2.01
N158 X = 2069.798 Y = 680.371 Z = 107.888 C = 1.19 B = 19.62
N159 CIP X = 2025.104 Y = 686.962 Z = 125.542 C = -0.51 B = 23.51 I1 = 2047.293 J1 = 683.616 K1 = 116.333
N160 CIP X = 1998.516 Y = 691.203 Z = 137.846 C = -1.42 B = 25.07 I1 = 2011.765 J1 = 689.064 K1 = 131.602
N161 CIP X = 1971.646 Y = 695.412 Z = 149.518 C = -0.58 B = 20.79 I1 = 1985.194 J1 = 693.334 K1 = 143.935
N162 CIP X = 1934.364 Y = 700.888 Z = 162.872 C = -0.66 B = 18.58 I1 = 1953.071 J1 = 698.163 K1 = 156.373
N163 CIP X = 1914.022 Y = 703.625 Z = 168.504 C = 1.98 B = 13.74 I1 = 1924.257 J1 = 702.279 K1 = 165.906
N164 CIP X = 1893.582 Y = 706.385 Z = 173.774 C = -0.74 B = 16.53 I1 = 1903.766 J1 = 704.981 K1 = 171.012
N165 CIP X = 1857.771 Y = 710.575 Z = 183.762 C = -0.85 B = 14.59 I1 = 1875.753 J1 = 708.8 K1 = 178.91
N166 CIP X = 1821.455 Y = 712.512 Z = 192.567 C = -0.98 B = 12.65 I1 = 1839.657 J1 = 711.67 K1 = 188.317
N167 CIP X = 1795.753 Y = 708.746 Z = 197.998 C = -1.11 B = 11.28 I1 = 1808.472 J1 = 711.74 K1 = 195.395
N168 CIP X = 1779.319 Y = 704.211 Z = 201.127 C = -1.2 B = 10.41 I1 = 1787.578 J1 = 706.342 K1 = 199.587
N169 CIP X = 1769.03 Y = 702.683 Z = 202.96 C = -1.27 B = 9.86 I1 = 1774.203 J1 = 703.262 K1 = 202.051
N170 CIP X = 1698.007 Y = 694.313 Z = 212.901 C = -2.05 B = 6.13 I1 = 1733.514 J1 = 699.25 K1 = 208.524
N171 CIP X = 1664.618 Y = 692.197 Z = 215.961 C = 8.53 B = 4.03 I1 = 1681.362 J1 = 692.693 K1 = 214.553
N172 CIP X = 1633.922 Y = 690.175 Z = 217.873 C = 18.24 B = 2.1 I1 = 1649.235 J1 = 691.759 K1 = 217.029
N173 CIP X = 1580.652 Y = 680.886 Z = 219.128 C = 35.27 B = -1.28 I1 = 1607.31 J1 = 685.441 K1 = 218.821
N174 CIP X = 1501.222 Y = 668.161 Z = 219.079 C = 60.6 B = -6.3 I1 = 1540.968 J1 = 674.328 K1 = 219.103
N175 CIP X = 1441.452 Y = 659.958 Z = 219.048 C = 79.59 B = -10.07 I1 = 1471.367 J1 = 663.843 K1 = 219.063
N176 CIP X = 1351.647 Y = 648.767 Z = 219.005 C = 108.08 B = -15.73 I1 = 1396.531 J1 = 654.509 K1 = 219.027
N177 G01 X = 1261.978 Y = 636.536 Z = 218.958 C = 136.57 B = -21.38
N178 CIP X = 1213.404 Y = 609.845 Z = 218.406 C = 154.45 B = -24.93 I1 = 1235.085 J1 = 627.925 K1 = 218.686
N179 CIP X = 1201.561 Y = 590.003 Z = 218.53 C = 161.76 B = -26.38 I1 = 1206.707 J1 = 600.383 K1 = 218.37
N180 CIP X = 1198.282 Y = 571.505 Z = 218.459 C = 167.71 B = -27.56 I1 = 1199.07 J1 = 580.906 K1 = 218.495
N181 G01 X = 1198.29 Y = 532.453 Z = 218.308 C = 180.0 B = -30.0
N182 CIP X = 1195.126 Y = 527.801 Z = 218.29 I1 = 1197.424 J1 = 529.64 K1 = 218.298
N183 G01 X = 1180.363 Y = 521.973 Z = 218.268
N184 CIP X = 1172.873 Y = 519 Z = 225.379 I1 = 1175.307 J1 = 519.873 K1 = 220.228
N185 G01 X = 1171.203 Z = 258.533
N186 CIP X = 1157.504 Y = 519.002 Z = 271.591 B = -27.03 I1 = 1166.951 J1 = 519.001 K1 = 267.787
N187 CIP X = 1124.058 Y = 519.001 Z = 273.975 B = -22.15 I1 = 1140.778 J1 = 519.001 K1 = 272.725
N188 CIP X = 1112.788 Z = 282.557 B = -20.0 I1 = 1117.152 J1 = 519.001 K1 = 276.598
N189 G01 X = 1106.714 Z = 299.526 B = -5.86
N190 CIP X = 1090.708 Z = 310.796 B = 10.25 I1 = 1100.494 J1 = 519.001 K1 = 307.693
N191 G01 X = 1065.53 B = 30.0
N192 CIP X = 1057.541 Z = 303.215 I1 = 1060.027 J1 = 519.001 K1 = 308.595
N193 G01 X = 1054.209 Z = 239.632
N194 CIP X = 1048.217 Z = 233.946 I1 = 1052.345 J1 = 519.001 K1 = 235.597
N195 G01 X = 1031.996
N196 CIP X = 1027 Y = 524.001 I1 = 1028.463 J1 = 520.467 K1 = 233.946
N197 G01 Y = 546.369
N198 CIP Y = 550.418 Z = 234.704 I1 = 1027 J1 = 548.424 K1 = 234.157
N199 CIP Y = 554.369 Z = 235.446 I1 = 1027 J1 = 552.364 K1 = 235.239
N200 G01 Y = 592
N201 CIP Y = 595.417 Z = 234.095 I1 = 1027 J1 = 593.822 K1 = 235.07
N202 CIP Y = 598.835 Z = 232.746 I1 = 1027 J1 = 597.013 K1 = 233.121
N203 G01 Y = 613.338
N204 CIP Y = 615.413 Z = 233.196 I1 = 1027 J1 = 614.397 K1 = 232.868
N205 CIP Y = 617.488 Z = 233.646 I1 = 1027 J1 = 616.429 K1 = 233.524
N206 G01 Y = 641.675
N207 CIP Y = 644.127 Z = 233.154 I1 = 1027 J1 = 642.92 K1 = 233.499
N208 CIP Y = 646.675 Z = 232.646 I1 = 1027 J1 = 645.382 K1 = 232.797
N209 G01 Y = 678.739
N210 Y = 681.204 Z = 232.3
N211 Y = 683.739 Z = 231.946
N212 Y = 711.231
N213 CIP Y = 714.148 Z = 231.384 I1 = 1027 J1 = 712.716 K1 = 231.804
N214 CIP Y = 716.432 Z = 230.946 I1 = 1027 J1 = 715.269 K1 = 231.057
N215 G01 Y = 732.432
N216 CIP Y = 734.716 Z = 231.384 I1 = 1027 J1 = 733.595 K1 = 231.056
N217 CIP Y = 737.632 Z = 231.946 I1 = 1027 J1 = 736.147 K1 = 231.804
N218 G01 Y = 821.146
N219 CIP Y = 824.063 Z = 231.384 I1 = 1027 J1 = 822.631 K1 = 231.804
N220 CIP Y = 826.347 Z = 230.946 I1 = 1027 J1 = 825.184 K1 = 231.057
N221 G01 Y = 842.347
N222 CIP Y = 844.63 Z = 231.384 I1 = 1027 J1 = 843.509 K1 = 231.056
N223 CIP Y = 847.547 Z = 231.946 I1 = 1027 J1 = 846.062 K1 = 231.804
N224 G01 Y = 941.997
N225 Y = 944 Z = 231.796
N226 Y = 1012.001
N227 CIP X = 1032 Y = 1017.001 I1 = 1028.464 J1 = 1015.536 K1 = 231.796
N228 G01 X = 1048.105
N229 CIP X = 1054.096 Y = 1017 Z = 237.482 I1 = 1052.232 J1 = 1017 K1 = 233.447
N230 G01 X = 1057.541 Z = 303.215
N231 CIP X = 1065.53 Z = 310.796 I1 = 1060.027 J1 = 1017 K1 = 308.595
N232 G01 X = 1090.708 B = -3.05
N233 CIP X = 1106.714 Y = 1017.081 Z = 299.526 B = -30.0 I1 = 1100.461 J1 = 1017.081 K1 = 307.716
N234 G01 X = 1112.788 Y = 1017 Z = 282.557
N235 CIP X = 1124.058 Z = 273.975 I1 = 1117.152 J1 = 1017 K1 = 276.598
N236 G01 X = 1159.642 Z = 271.314
N237 CIP X = 1168.883 Z = 261.845 I1 = 1166.049 J1 = 1017 K1 = 268.323
N238 G01 X = 1170.768 Z = 224.437
N239 CIP X = 1177.26 Y = 1017.001 Z = 218.265 I1 = 1172.784 J1 = 1017.001 K1 = 220.057
N240 G01 X = 1187
N241 CIP X = 1192 Y = 1012.001 Z = 218.27 B = -29.56 I1 = 1190.535 J1 = 1015.536 K1 = 218.266
N242 G01 X = 1192.031 Y = 983.27 Z = 218.302 B = -27.96
N243 CIP X = 1193.605 Y = 954.593 Z = 218.334 B = -26.35 I1 = 1192.465 J1 = 968.911 K1 = 218.318
N244 G01 X = 1194.624 Y = 947.007 Z = 218.342 B = -25.93
N245 X = 1195.128 Y = 943.999 Z = 218.024 B = -25.76
N246 X = 1195.686 Y = 941.006 Z = 217.599 B = -25.58
N247 CIP X = 1202.568 Y = 918.562 Z = 217.623 B = -24.27 I1 = 1198.52 J1 = 929.597 K1 = 217.611
N248 CIP X = 1215.061 Y = 898.747 Z = 217.646 B = -22.96 I1 = 1208.038 J1 = 908.163 K1 = 217.635
N249 CIP X = 1234.858 Y = 883.408 Z = 217.189 B = -21.55 I1 = 1224.249 J1 = 890.159 K1 = 217.524
N250 CIP X = 1270.922 Y = 872.851 Z = 215.647 B = -19.44 I1 = 1252.44 J1 = 876.624 K1 = 216.46
N251 CIP X = 1308.565 Y = 870.129 Z = 214.294 B = -17.34 I1 = 1289.699 J1 = 870.937 K1 = 214.888
N252 G01 X = 1394.275 Y = 868.177 Z = 212.079 B = -12.55
N253 X = 1458.548 Y = 866.455 Z = 210.325 B = -8.96
N254 X = 1554.943 Y = 863.455 Z = 207.546 B = -3.58
N255 X = 1651.315 Y = 859.957 Z = 204.59 B = 1.81
N256 TC_LASER_OFF(1)
N257 G01 X = 1650.052 Z = 244.57 F180000

N258 ;Start of OperationGroup: <EndPos>

N259 ;Start of Operation: <AUX>

N260 G01 X = 591.886 Y = 778.506 Z = 330.367 B = 0.0
N261 TC_LASER_OFF (2)
N262 TC_RESET
N263 M30
STOP_TEXT
C
ENDE_PROGRAMM
ED
C
